[www.theverraton.com/indexbfa8.html]
[backblue.gif]
[fade.gif]
[index.html]
[use.fontawesome.com/releases/v5.7.2/css/all.css]
[unpkg.com/aos@2.3.1/dist/aos.css]
[www.theverraton.com/images/sec3-bg.jpg]
[www.theverraton.com/images/sec2-bg.jpg]
[www.theverraton.com/js/header.js]
[www.theverraton.com/images/p2-banner.jpg]
[www.theverraton.com/images/hallmark-logo.png]
[www.theverraton.com/images/private-ipo.jpg]
[www.theverraton.com/images/sec2-img1.png]
[www.theverraton.com/images/sec2-img2.png]
[www.theverraton.com/images/sec2-img3.png]
[www.theverraton.com/images/sec2-img4.png]
[www.theverraton.com/images/sec2-img5.png]
[www.theverraton.com/images/sec2-img6.png]
[www.theverraton.com/images/logo2.png]
[www.theverraton.com/images/sec2-element.png]
[www.theverraton.com/images/map.jpg]
[www.theverraton.com/images/project-img.png]
[www.theverraton.com/images/imperial-right.png]
[www.theverraton.com/images/project-map-mob.jpg]
[www.theverraton.com/images/project-map.jpg]
[www.theverraton.com/images/tbr-logo.png]
[www.theverraton.com/images/bottom-element.png]
[www.theverraton.com/js/jquery-3.3.1.min.js]
[www.theverraton.com/js/bootstrap.bundle.min.js]
[www.theverraton.com/js/custom.js]
[unpkg.com/aos@2.3.1/dist/aos.js]
[www.theverraton.com/js/jquery.validate.js]
[www.theverraton.com/indexbfa8.html]
[www.theverraton.com/js/additional-methods.js]
[www.theverraton.com/css/bootstrap.min.css]
[www.theverraton.com/images/bullet-icon.png]
[www.theverraton.com/images/innerbanner-element.png]
[www.theverraton.com/images/innerbanner-element1.png]
[www.theverraton.com/images/innerbanner-element2.png]
[www.theverraton.com/images/innerbanner-element3.png]
[www.theverraton.com/images/section-bg.jpg]
[www.theverraton.com/images/section-bg2.jpg]
[www.theverraton.com/images/after-element.png]
[www.theverraton.com/images/imperial-bg.png]
[www.theverraton.com/images/tbr-bg.jpg]
[www.theverraton.com/images/mapbg.jpg]
[www.theverraton.com/images/light-white-element.png]
[www.theverraton.com/images/light-white-element1.png]
[www.theverraton.com/images/residences1bg.jpg]
[www.theverraton.com/images/residences2bg.jpg]
[www.theverraton.com/images/li.png]
[www.theverraton.com/images/activetab.png]
[www.theverraton.com/images/trinity-vector.png]
[www.theverraton.com/images/sec5-bg.jpg]
[www.theverraton.com/images/ls-bg.jpg]
[www.theverraton.com/fonts/GillSansd41d.eot]
[www.theverraton.com/fonts/GillSans.otf]
[www.theverraton.com/fonts/GillSans.woff]
[www.theverraton.com/fonts/GillSans.ttf]
[www.theverraton.com/fonts/GillSans-Mediumd41d.eot]
[www.theverraton.com/fonts/GillSans-Medium.otf]
[www.theverraton.com/fonts/GillSans-Medium.woff]
[www.theverraton.com/fonts/GillSans-Medium.ttf]
[www.theverraton.com/fonts/GillSans-Heavyd41d.eot]
[www.theverraton.com/fonts/GillSans-Heavy.otf]
[www.theverraton.com/fonts/GillSans-Heavy.woff]
[www.theverraton.com/fonts/GillSans-Heavy.ttf]
[www.theverraton.com/fonts/GillSans-Lightd41d.eot]
[www.theverraton.com/fonts/GillSans-Light.otf]
[www.theverraton.com/fonts/GillSans-Light.ttf]
[www.theverraton.com/css/style.css]
[use.fontawesome.com/releases/v5.7.2/css/all.css]
[unpkg.com/aos@2.3.1/dist/aos.css]
[www.googletagmanager.com/gtm5445.html]
[www.theverraton.com/fonts/GillSans.svg]
[www.theverraton.com/fonts/GillSans-Medium.svg]
[www.theverraton.com/fonts/GillSans-Heavy.svg]
[www.theverraton.com/fonts/GillSans-Light.html]
[www.theverraton.com/fonts/GillSans-Light.svg]
